// Jest Snapshot v1, https://goo.gl/fbAQLP

exports[`matches the snapshot 1`] = `
<svg
  className="rsm-svg "
  viewBox="0 0 800 600"
>
  <g
    className="rsm-geographies "
  />
</svg>
`;
